{"timestamp": "2026-08-10T11:06:51.375001+00:00", "level": "INFO", "logger": "sentinel", "message": "Sentinel logging initialised"}
{"timestamp": "2026-08-10T11:26:04.246921+00:00", "level": "WARNING", "logger": "sentinel.src.agent", "message": "REJECTED message: 1 validation error for Task\nurgency\n  Input should be less than or equal to 5 [type=less_than_equal, input_value=99, input_type=int]\n    For further information visit https://errors.pydantic.dev/2.13/v/less_than_equal"}
{"timestamp": "2026-08-10T11:34:41.691591+00:00", "level": "WARNING", "logger": "sentinel.src.orchestrator", "message": "REJECTED task: 1 validation error for UrgencyCheck\nurgency\n  Input should be less than or equal to 5 [type=less_than_equal, input_value=99, input_type=int]\n    For further information visit https://errors.pydantic.dev/2.13/v/less_than_equal"}
{"timestamp": "2026-08-10T11:44:01.234757+00:00", "level": "INFO", "logger": "sentinel.src.orchestrator", "message": "Task queued: urgency=3 task=Routine Report trace_id=53b3cb6a-8e46-4034-9324-1f2cb7fb629d"}
{"timestamp": "2026-08-10T11:44:01.235018+00:00", "level": "INFO", "logger": "sentinel.src.orchestrator", "message": "Task queued: urgency=3 task=Routine Report trace_id=53b3cb6a-8e46-4034-9324-1f2cb7fb629d"}
{"timestamp": "2026-08-10T11:44:01.235343+00:00", "level": "INFO", "logger": "sentinel.src.orchestrator", "message": "Task queued: urgency=1 task=Security Breach! trace_id=a9575282-ee18-4b1c-9103-e0a6ca91eadd"}
{"timestamp": "2026-08-10T11:44:01.235486+00:00", "level": "INFO", "logger": "sentinel.src.orchestrator", "message": "Task queued: urgency=1 task=Security Breach! trace_id=a9575282-ee18-4b1c-9103-e0a6ca91eadd"}
{"timestamp": "2026-08-10T11:44:01.235672+00:00", "level": "INFO", "logger": "sentinel.src.orchestrator", "message": "Task queued: urgency=2 task=Dataset Profiling Complete trace_id=d7f7dd9a-74a2-4814-ac25-ed2f60a9f3b1"}
{"timestamp": "2026-08-10T11:44:01.235791+00:00", "level": "INFO", "logger": "sentinel.src.orchestrator", "message": "Task queued: urgency=2 task=Dataset Profiling Complete trace_id=d7f7dd9a-74a2-4814-ac25-ed2f60a9f3b1"}
{"timestamp": "2026-08-11T08:27:33.323879+00:00", "level": "INFO", "logger": "sentinel.src.orchestrator", "message": "Task queued: urgency=3 task=Routine Report trace_id=c1a8e690-5140-46e5-aa1c-5e21565d55af"}
{"timestamp": "2026-08-11T08:27:33.324318+00:00", "level": "INFO", "logger": "sentinel.src.orchestrator", "message": "Task queued: urgency=3 task=Routine Report trace_id=c1a8e690-5140-46e5-aa1c-5e21565d55af"}
{"timestamp": "2026-08-11T08:27:33.324486+00:00", "level": "INFO", "logger": "sentinel.src.orchestrator", "message": "Task queued: urgency=1 task=Security Breach! trace_id=35fdf14a-2060-46da-bc91-5c0d1fa7bc87"}
{"timestamp": "2026-08-11T08:27:33.324597+00:00", "level": "INFO", "logger": "sentinel.src.orchestrator", "message": "Task queued: urgency=1 task=Security Breach! trace_id=35fdf14a-2060-46da-bc91-5c0d1fa7bc87"}
{"timestamp": "2026-08-11T08:27:33.324700+00:00", "level": "INFO", "logger": "sentinel.src.orchestrator", "message": "Task queued: urgency=2 task=Dataset Profiling Complete trace_id=9699939d-8628-4d3f-b8ec-07ec359fd91b"}
{"timestamp": "2026-08-11T08:27:33.324814+00:00", "level": "INFO", "logger": "sentinel.src.orchestrator", "message": "Task queued: urgency=2 task=Dataset Profiling Complete trace_id=9699939d-8628-4d3f-b8ec-07ec359fd91b"}
{"timestamp": "2026-08-11T10:56:18.190505+00:00", "level": "INFO", "logger": "sentinel.src.orchestrator", "message": "Task queued: urgency=3 task=Routine Report trace_id=35632502-83ad-4fb9-8ab8-1f01a12d42ec"}
{"timestamp": "2026-08-11T10:56:18.190856+00:00", "level": "INFO", "logger": "sentinel.src.orchestrator", "message": "Task queued: urgency=3 task=Routine Report trace_id=35632502-83ad-4fb9-8ab8-1f01a12d42ec"}
{"timestamp": "2026-08-11T10:56:18.191140+00:00", "level": "INFO", "logger": "sentinel.src.orchestrator", "message": "Task queued: urgency=1 task=Security Breach! trace_id=c8fa3540-a128-4163-b3ed-8ded0a3e70e3"}
{"timestamp": "2026-08-11T10:56:18.191285+00:00", "level": "INFO", "logger": "sentinel.src.orchestrator", "message": "Task queued: urgency=1 task=Security Breach! trace_id=c8fa3540-a128-4163-b3ed-8ded0a3e70e3"}
{"timestamp": "2026-08-11T10:56:18.191545+00:00", "level": "INFO", "logger": "sentinel.src.orchestrator", "message": "Task queued: urgency=2 task=Dataset Profiling Complete trace_id=c6653ce6-3dcc-49c9-b310-374789a488c4"}
{"timestamp": "2026-08-11T10:56:18.191652+00:00", "level": "INFO", "logger": "sentinel.src.orchestrator", "message": "Task queued: urgency=2 task=Dataset Profiling Complete trace_id=c6653ce6-3dcc-49c9-b310-374789a488c4"}
{"timestamp": "2026-08-11T10:56:24.617322+00:00", "level": "INFO", "logger": "sentinel.src.orchestrator", "message": "Task queued: urgency=3 task=Routine Report trace_id=81cdba03-6d36-4ec6-8126-1b6c186a1625"}
{"timestamp": "2026-08-11T10:56:24.617619+00:00", "level": "INFO", "logger": "sentinel.src.orchestrator", "message": "Task queued: urgency=3 task=Routine Report trace_id=81cdba03-6d36-4ec6-8126-1b6c186a1625"}
{"timestamp": "2026-08-11T10:56:24.617918+00:00", "level": "INFO", "logger": "sentinel.src.orchestrator", "message": "Task queued: urgency=3 task=Routine Report trace_id=81cdba03-6d36-4ec6-8126-1b6c186a1625"}
{"timestamp": "2026-08-11T10:56:24.618195+00:00", "level": "INFO", "logger": "sentinel.src.orchestrator", "message": "Task queued: urgency=3 task=Routine Report trace_id=81cdba03-6d36-4ec6-8126-1b6c186a1625"}
{"timestamp": "2026-08-11T10:56:24.618340+00:00", "level": "INFO", "logger": "sentinel.src.orchestrator", "message": "Task queued: urgency=3 task=Routine Report trace_id=81cdba03-6d36-4ec6-8126-1b6c186a1625"}
{"timestamp": "2026-08-11T10:56:24.618605+00:00", "level": "INFO", "logger": "sentinel.src.orchestrator", "message": "Task queued: urgency=1 task=Security Breach! trace_id=5f266e76-f480-43a0-9938-cfc2e018b236"}
{"timestamp": "2026-08-11T10:56:24.618801+00:00", "level": "INFO", "logger": "sentinel.src.orchestrator", "message": "Task queued: urgency=1 task=Security Breach! trace_id=5f266e76-f480-43a0-9938-cfc2e018b236"}
{"timestamp": "2026-08-11T10:56:24.618911+00:00", "level": "INFO", "logger": "sentinel.src.orchestrator", "message": "Task queued: urgency=1 task=Security Breach! trace_id=5f266e76-f480-43a0-9938-cfc2e018b236"}
{"timestamp": "2026-08-11T10:56:24.619033+00:00", "level": "INFO", "logger": "sentinel.src.orchestrator", "message": "Task queued: urgency=1 task=Security Breach! trace_id=5f266e76-f480-43a0-9938-cfc2e018b236"}
{"timestamp": "2026-08-11T10:56:24.619199+00:00", "level": "INFO", "logger": "sentinel.src.orchestrator", "message": "Task queued: urgency=1 task=Security Breach! trace_id=5f266e76-f480-43a0-9938-cfc2e018b236"}
{"timestamp": "2026-08-11T10:56:24.619405+00:00", "level": "INFO", "logger": "sentinel.src.orchestrator", "message": "Task queued: urgency=2 task=Dataset Profiling Complete trace_id=33191adf-55f5-4ebf-8aae-0fb89505417b"}
{"timestamp": "2026-08-11T10:56:24.619537+00:00", "level": "INFO", "logger": "sentinel.src.orchestrator", "message": "Task queued: urgency=2 task=Dataset Profiling Complete trace_id=33191adf-55f5-4ebf-8aae-0fb89505417b"}
{"timestamp": "2026-08-11T10:56:24.619617+00:00", "level": "INFO", "logger": "sentinel.src.orchestrator", "message": "Task queued: urgency=2 task=Dataset Profiling Complete trace_id=33191adf-55f5-4ebf-8aae-0fb89505417b"}
{"timestamp": "2026-08-11T10:56:24.619692+00:00", "level": "INFO", "logger": "sentinel.src.orchestrator", "message": "Task queued: urgency=2 task=Dataset Profiling Complete trace_id=33191adf-55f5-4ebf-8aae-0fb89505417b"}
{"timestamp": "2026-08-11T10:56:24.619770+00:00", "level": "INFO", "logger": "sentinel.src.orchestrator", "message": "Task queued: urgency=2 task=Dataset Profiling Complete trace_id=33191adf-55f5-4ebf-8aae-0fb89505417b"}
{"timestamp": "2026-08-11T10:56:34.951832+00:00", "level": "INFO", "logger": "sentinel.src.orchestrator", "message": "Task queued: urgency=3 task=Routine Report trace_id=693ccb77-7f03-478d-94ac-5d61a53a4e02"}
{"timestamp": "2026-08-11T10:56:34.952171+00:00", "level": "INFO", "logger": "sentinel.src.orchestrator", "message": "Task queued: urgency=3 task=Routine Report trace_id=693ccb77-7f03-478d-94ac-5d61a53a4e02"}
{"timestamp": "2026-08-11T10:56:34.952383+00:00", "level": "INFO", "logger": "sentinel.src.orchestrator", "message": "Task queued: urgency=3 task=Routine Report trace_id=693ccb77-7f03-478d-94ac-5d61a53a4e02"}
{"timestamp": "2026-08-11T10:56:34.952564+00:00", "level": "INFO", "logger": "sentinel.src.orchestrator", "message": "Task queued: urgency=3 task=Routine Report trace_id=693ccb77-7f03-478d-94ac-5d61a53a4e02"}
{"timestamp": "2026-08-11T10:56:34.952744+00:00", "level": "INFO", "logger": "sentinel.src.orchestrator", "message": "Task queued: urgency=3 task=Routine Report trace_id=693ccb77-7f03-478d-94ac-5d61a53a4e02"}
{"timestamp": "2026-08-11T10:56:34.952849+00:00", "level": "INFO", "logger": "sentinel.src.orchestrator", "message": "Task queued: urgency=3 task=Routine Report trace_id=693ccb77-7f03-478d-94ac-5d61a53a4e02"}
{"timestamp": "2026-08-11T10:56:34.952933+00:00", "level": "INFO", "logger": "sentinel.src.orchestrator", "message": "Task queued: urgency=3 task=Routine Report trace_id=693ccb77-7f03-478d-94ac-5d61a53a4e02"}
{"timestamp": "2026-08-11T10:56:34.953058+00:00", "level": "INFO", "logger": "sentinel.src.orchestrator", "message": "Task queued: urgency=1 task=Security Breach! trace_id=f63a9677-874e-4757-9e5b-a75aeb7ad5e6"}
{"timestamp": "2026-08-11T10:56:34.953120+00:00", "level": "INFO", "logger": "sentinel.src.orchestrator", "message": "Task queued: urgency=1 task=Security Breach! trace_id=f63a9677-874e-4757-9e5b-a75aeb7ad5e6"}
{"timestamp": "2026-08-11T10:56:34.953182+00:00", "level": "INFO", "logger": "sentinel.src.orchestrator", "message": "Task queued: urgency=1 task=Security Breach! trace_id=f63a9677-874e-4757-9e5b-a75aeb7ad5e6"}
{"timestamp": "2026-08-11T10:56:34.953252+00:00", "level": "INFO", "logger": "sentinel.src.orchestrator", "message": "Task queued: urgency=1 task=Security Breach! trace_id=f63a9677-874e-4757-9e5b-a75aeb7ad5e6"}
{"timestamp": "2026-08-11T10:56:34.953313+00:00", "level": "INFO", "logger": "sentinel.src.orchestrator", "message": "Task queued: urgency=1 task=Security Breach! trace_id=f63a9677-874e-4757-9e5b-a75aeb7ad5e6"}
{"timestamp": "2026-08-11T10:56:34.953385+00:00", "level": "INFO", "logger": "sentinel.src.orchestrator", "message": "Task queued: urgency=1 task=Security Breach! trace_id=f63a9677-874e-4757-9e5b-a75aeb7ad5e6"}
{"timestamp": "2026-08-11T10:56:34.953486+00:00", "level": "INFO", "logger": "sentinel.src.orchestrator", "message": "Task queued: urgency=1 task=Security Breach! trace_id=f63a9677-874e-4757-9e5b-a75aeb7ad5e6"}
{"timestamp": "2026-08-11T10:56:34.953682+00:00", "level": "INFO", "logger": "sentinel.src.orchestrator", "message": "Task queued: urgency=2 task=Dataset Profiling Complete trace_id=ee8fd830-1774-4889-8002-2dcede55df47"}
{"timestamp": "2026-08-11T10:56:34.953860+00:00", "level": "INFO", "logger": "sentinel.src.orchestrator", "message": "Task queued: urgency=2 task=Dataset Profiling Complete trace_id=ee8fd830-1774-4889-8002-2dcede55df47"}
{"timestamp": "2026-08-11T10:56:34.953933+00:00", "level": "INFO", "logger": "sentinel.src.orchestrator", "message": "Task queued: urgency=2 task=Dataset Profiling Complete trace_id=ee8fd830-1774-4889-8002-2dcede55df47"}
{"timestamp": "2026-08-11T10:56:34.953996+00:00", "level": "INFO", "logger": "sentinel.src.orchestrator", "message": "Task queued: urgency=2 task=Dataset Profiling Complete trace_id=ee8fd830-1774-4889-8002-2dcede55df47"}
{"timestamp": "2026-08-11T10:56:34.954073+00:00", "level": "INFO", "logger": "sentinel.src.orchestrator", "message": "Task queued: urgency=2 task=Dataset Profiling Complete trace_id=ee8fd830-1774-4889-8002-2dcede55df47"}
{"timestamp": "2026-08-11T10:56:34.954139+00:00", "level": "INFO", "logger": "sentinel.src.orchestrator", "message": "Task queued: urgency=2 task=Dataset Profiling Complete trace_id=ee8fd830-1774-4889-8002-2dcede55df47"}
{"timestamp": "2026-08-11T10:56:34.954214+00:00", "level": "INFO", "logger": "sentinel.src.orchestrator", "message": "Task queued: urgency=2 task=Dataset Profiling Complete trace_id=ee8fd830-1774-4889-8002-2dcede55df47"}
{"timestamp": "2026-08-11T11:05:45.239578+00:00", "level": "INFO", "logger": "sentinel.src.orchestrator", "message": "Task queued: urgency=3 task=Routine Report trace_id=f18bfd0a-17f2-4da1-9deb-35ae642f89d6"}
{"timestamp": "2026-08-11T11:05:45.239800+00:00", "level": "INFO", "logger": "sentinel.src.orchestrator", "message": "Task queued: urgency=3 task=Routine Report trace_id=f18bfd0a-17f2-4da1-9deb-35ae642f89d6"}
{"timestamp": "2026-08-11T11:05:45.239953+00:00", "level": "INFO", "logger": "sentinel.src.orchestrator", "message": "Task queued: urgency=1 task=Security Breach! trace_id=146da78a-c53e-44ec-ba13-c9daa4b4bd9f"}
{"timestamp": "2026-08-11T11:05:45.240045+00:00", "level": "INFO", "logger": "sentinel.src.orchestrator", "message": "Task queued: urgency=1 task=Security Breach! trace_id=146da78a-c53e-44ec-ba13-c9daa4b4bd9f"}
{"timestamp": "2026-08-11T11:05:45.240199+00:00", "level": "INFO", "logger": "sentinel.src.orchestrator", "message": "Task queued: urgency=2 task=Dataset Profiling Complete trace_id=6ee7ffcb-3ea3-41df-8970-163f76e0e6fe"}
{"timestamp": "2026-08-11T11:05:45.240328+00:00", "level": "INFO", "logger": "sentinel.src.orchestrator", "message": "Task queued: urgency=2 task=Dataset Profiling Complete trace_id=6ee7ffcb-3ea3-41df-8970-163f76e0e6fe"}
{"timestamp": "2026-08-11T11:32:51.566645+00:00", "level": "INFO", "logger": "sentinel.src.orchestrator", "message": "Task queued: urgency=3 task=Routine Report trace_id=5fe894a0-99c5-4b65-95e7-5bcb12bc2b40"}
{"timestamp": "2026-08-11T11:32:51.566894+00:00", "level": "INFO", "logger": "sentinel.src.orchestrator", "message": "Task queued: urgency=3 task=Routine Report trace_id=5fe894a0-99c5-4b65-95e7-5bcb12bc2b40"}
{"timestamp": "2026-08-11T11:32:51.567087+00:00", "level": "INFO", "logger": "sentinel.src.orchestrator", "message": "Task queued: urgency=1 task=Security Breach! trace_id=6648d396-35f2-41bd-a051-cbe019871efe"}
{"timestamp": "2026-08-11T11:32:51.567198+00:00", "level": "INFO", "logger": "sentinel.src.orchestrator", "message": "Task queued: urgency=1 task=Security Breach! trace_id=6648d396-35f2-41bd-a051-cbe019871efe"}
{"timestamp": "2026-08-11T11:32:51.567349+00:00", "level": "INFO", "logger": "sentinel.src.orchestrator", "message": "Task queued: urgency=2 task=Dataset Profiling Complete trace_id=7b5d6196-b47c-49be-93b0-4ec53ce7693d"}
{"timestamp": "2026-08-11T11:32:51.567464+00:00", "level": "INFO", "logger": "sentinel.src.orchestrator", "message": "Task queued: urgency=2 task=Dataset Profiling Complete trace_id=7b5d6196-b47c-49be-93b0-4ec53ce7693d"}
{"timestamp": "2026-08-11T13:47:38.125754+00:00", "level": "INFO", "logger": "sentinel.src.orchestrator", "message": "Task queued: urgency=3 task=Routine Report trace_id=79985644-c355-4245-aae5-7196e20a173d"}
{"timestamp": "2026-08-11T13:47:38.126128+00:00", "level": "INFO", "logger": "sentinel.src.orchestrator", "message": "Task queued: urgency=3 task=Routine Report trace_id=79985644-c355-4245-aae5-7196e20a173d"}
{"timestamp": "2026-08-11T13:47:38.126340+00:00", "level": "INFO", "logger": "sentinel.src.orchestrator", "message": "Task queued: urgency=1 task=Security Breach! trace_id=5e0d3231-67ef-456b-b99a-0ea6a02e48cd"}
{"timestamp": "2026-08-11T13:47:38.126499+00:00", "level": "INFO", "logger": "sentinel.src.orchestrator", "message": "Task queued: urgency=1 task=Security Breach! trace_id=5e0d3231-67ef-456b-b99a-0ea6a02e48cd"}
{"timestamp": "2026-08-11T13:47:38.126748+00:00", "level": "INFO", "logger": "sentinel.src.orchestrator", "message": "Task queued: urgency=2 task=Dataset Profiling Complete trace_id=a58e485d-ac96-4e19-b69b-6aebc3433e0e"}
{"timestamp": "2026-08-11T13:47:38.126905+00:00", "level": "INFO", "logger": "sentinel.src.orchestrator", "message": "Task queued: urgency=2 task=Dataset Profiling Complete trace_id=a58e485d-ac96-4e19-b69b-6aebc3433e0e"}
{"timestamp": "2026-08-11T13:51:55.084986+00:00", "level": "INFO", "logger": "sentinel.src.orchestrator", "message": "Task queued: urgency=3 task=Routine Report trace_id=8d3e395d-d2cb-433d-a5cf-1cf022d39a8e"}
{"timestamp": "2026-08-11T13:51:55.085374+00:00", "level": "INFO", "logger": "sentinel.src.orchestrator", "message": "Task queued: urgency=3 task=Routine Report trace_id=8d3e395d-d2cb-433d-a5cf-1cf022d39a8e"}
{"timestamp": "2026-08-11T13:51:55.085619+00:00", "level": "INFO", "logger": "sentinel.src.orchestrator", "message": "Task queued: urgency=1 task=Security Breach! trace_id=3c596442-6684-4c2a-a484-cc678ac3de41"}
{"timestamp": "2026-08-11T13:51:55.085918+00:00", "level": "INFO", "logger": "sentinel.src.orchestrator", "message": "Task queued: urgency=1 task=Security Breach! trace_id=3c596442-6684-4c2a-a484-cc678ac3de41"}
{"timestamp": "2026-08-11T13:51:55.086139+00:00", "level": "INFO", "logger": "sentinel.src.orchestrator", "message": "Task queued: urgency=2 task=Dataset Profiling Complete trace_id=030a1777-037c-42e8-aa49-814c7749704b"}
{"timestamp": "2026-08-11T13:51:55.086257+00:00", "level": "INFO", "logger": "sentinel.src.orchestrator", "message": "Task queued: urgency=2 task=Dataset Profiling Complete trace_id=030a1777-037c-42e8-aa49-814c7749704b"}
{"timestamp": "2026-08-11T13:58:43.249674+00:00", "level": "INFO", "logger": "sentinel.src.orchestrator", "message": "Task queued: urgency=3 task=Routine Report trace_id=3d38693c-2fdb-4d0d-ae24-125f4e1e3750"}
{"timestamp": "2026-08-11T13:58:43.249922+00:00", "level": "INFO", "logger": "sentinel.src.orchestrator", "message": "Task queued: urgency=3 task=Routine Report trace_id=3d38693c-2fdb-4d0d-ae24-125f4e1e3750"}
{"timestamp": "2026-08-11T13:58:43.250119+00:00", "level": "INFO", "logger": "sentinel.src.orchestrator", "message": "Task queued: urgency=1 task=Security Breach! trace_id=0b086732-97d7-4885-94c4-a49522c36938"}
{"timestamp": "2026-08-11T13:58:43.250240+00:00", "level": "INFO", "logger": "sentinel.src.orchestrator", "message": "Task queued: urgency=1 task=Security Breach! trace_id=0b086732-97d7-4885-94c4-a49522c36938"}
{"timestamp": "2026-08-11T13:58:43.250412+00:00", "level": "INFO", "logger": "sentinel.src.orchestrator", "message": "Task queued: urgency=2 task=Dataset Profiling Complete trace_id=0e4261f3-0f23-470d-8f2c-df3e77d83761"}
{"timestamp": "2026-08-11T13:58:43.250484+00:00", "level": "INFO", "logger": "sentinel.src.orchestrator", "message": "Task queued: urgency=2 task=Dataset Profiling Complete trace_id=0e4261f3-0f23-470d-8f2c-df3e77d83761"}
